: No such file or directory

Harish@DESKTOP-B5T59AS MINGW64 ~
$ cd e
bash: cd: e: No such file or directory

Harish@DESKTOP-B5T59AS MINGW64 ~
$ e:
bash: e:: command not found

Harish@DESKTOP-B5T59AS MINGW64 ~
$ cd e:

Harish@DESKTOP-B5T59AS MINGW64 /e
$ pwd
/e

Harish@DESKTOP-B5T59AS MINGW64 /e
$ cd Learning/

Harish@DESKTOP-B5T59AS MINGW64 /e/Learning
$ cd Git-Learning/

Harish@DESKTOP-B5T59AS MINGW64 /e/Learning/Git-Learning (master)
$ cd Projects/

Harish@DESKTOP-B5T59AS MINGW64 /e/Learning/Git-Learning/Projects (master)
$ git init fresh-project
Initialized empty Git repository in E:/Learning/Git-Learning/Projects/fresh-project/.git/

Harish@DESKTOP-B5T59AS MINGW64 /e/Learning/Git-Learning/Projects (master)
$ cd fresh-project/

Harish@DESKTOP-B5T59AS MINGW64 /e/Learning/Git-Learning/Projects/fresh-project (master)
$ ls

Harish@DESKTOP-B5T59AS MINGW64 /e/Learning/Git-Learning/Projects/fresh-project (master)
$ ls -a
./  ../  .git/

Harish@DESKTOP-B5T59AS MINGW64 /e/Learning/Git-Learning/Projects/fresh-project (master)
$ ls -al
total 8
drwxr-xr-x 1 Harish 197121 0 Aug  8 22:55 ./
drwxr-xr-x 1 Harish 197121 0 Aug  8 22:55 ../
drwxr-xr-x 1 Harish 197121 0 Aug  8 22:55 .git/

Harish@DESKTOP-B5T59AS MINGW64 /e/Learning/Git-Learning/Projects/fresh-project (master)
$ cd .git

Harish@DESKTOP-B5T59AS MINGW64 /e/Learning/Git-Learning/Projects/fresh-project/.git (GIT_DIR!)
$ ls
config  description  HEAD  hooks/  info/  objects/  refs/

Harish@DESKTOP-B5T59AS MINGW64 /e/Learning/Git-Learning/Projects/fresh-project/.git (GIT_DIR!)
$ cd ..

Harish@DESKTOP-B5T59AS MINGW64 /e/Learning/Git-Learning/Projects/fresh-project (master)
$ git status
On branch master

No commits yet

nothing to commit (create/copy files and use "git add" to track)

Harish@DESKTOP-B5T59AS MINGW64 /e/Learning/Git-Learning/Projects/fresh-project (master)
$ npp hipster.txt

Harish@DESKTOP-B5T59AS MINGW64 /e/Learning/Git-Learning/Projects/fresh-project (master)
$ git status
On branch master

No commits yet

Untracked files:
  (use "git add <file>..." to include in what will be committed)

        hipster.txt

nothing added to commit but untracked files present (use "git add" to track)

Harish@DESKTOP-B5T59AS MINGW64 /e/Learning/Git-Learning/Projects/fresh-project (master)
$ git add hipster.txt

Harish@DESKTOP-B5T59AS MINGW64 /e/Learning/Git-Learning/Projects/fresh-project (master)
$ git status
On branch master

No commits yet

Changes to be committed:
  (use "git rm --cached <file>..." to unstage)

        new file:   hipster.txt


Harish@DESKTOP-B5T59AS MINGW64 /e/Learning/Git-Learning/Projects/fresh-project (master)
$ git commit -m "Fresh project first commit"
[master (root-commit) 0fd0068] Fresh project first commit
 1 file changed, 1 insertion(+)
 create mode 100644 hipster.txt

Harish@DESKTOP-B5T59AS MINGW64 /e/Learning/Git-Learning/Projects/fresh-project (master)
$ git status
On branch master
nothing to commit, working tree clean

Harish@DESKTOP-B5T59AS MINGW64 /e/Learning/Git-Learning/Projects/fresh-project (master)
$ cd ..

Harish@DESKTOP-B5T59AS MINGW64 /e/Learning/Git-Learning/Projects (master)
$ pwd
/e/Learning/Git-Learning/Projects

Harish@DESKTOP-B5T59AS MINGW64 /e/Learning/Git-Learning/Projects (master)
$ ls
01-QuickStart.pdf     cookbook/       GitCommands.txt
02-EditorInstall.pdf  fresh-project/  github-cookbook/

Harish@DESKTOP-B5T59AS MINGW64 /e/Learning/Git-Learning/Projects (master)
$ rm -rf fresh-project/

Harish@DESKTOP-B5T59AS MINGW64 /e/Learning/Git-Learning/Projects (master)
$ ls
01-QuickStart.pdf     cookbook/        github-cookbook/
02-EditorInstall.pdf  GitCommands.txt

Harish@DESKTOP-B5T59AS MINGW64 /e/Learning/Git-Learning/Projects (master)
$ unzip initializr-verekia-4.0.zip
Archive:  initializr-verekia-4.0.zip
  inflating: initializr/index.html
  inflating: initializr/css/main.css
  inflating: initializr/crossdomain.xml
  inflating: initializr/js/main.js
  inflating: initializr/js/plugins.js
  inflating: initializr/404.html
  inflating: initializr/js/vendor/jquery-1.11.2.min.js
  inflating: initializr/robots.txt
  inflating: initializr/apple-touch-icon.png
  inflating: initializr/browserconfig.xml
  inflating: initializr/tile-wide.png
  inflating: initializr/tile.png
  inflating: initializr/favicon.ico
  inflating: initializr/.htaccess
  inflating: initializr/humans.txt
  inflating: initializr/js/vendor/modernizr-2.8.3-respond-1.4.2.min.js
  inflating: initializr/css/bootstrap-theme.css
  inflating: initializr/css/bootstrap-theme.min.css
  inflating: initializr/css/bootstrap.css
  inflating: initializr/css/bootstrap.min.css
  inflating: initializr/css/bootstrap.css.map
  inflating: initializr/css/bootstrap-theme.css.map
  inflating: initializr/fonts/glyphicons-halflings-regular.eot
  inflating: initializr/fonts/glyphicons-halflings-regular.svg
  inflating: initializr/fonts/glyphicons-halflings-regular.ttf
  inflating: initializr/fonts/glyphicons-halflings-regular.woff
  inflating: initializr/js/vendor/bootstrap.js
  inflating: initializr/js/vendor/bootstrap.min.js
  inflating: initializr/js/vendor/npm.js
   creating: initializr/img/

Harish@DESKTOP-B5T59AS MINGW64 /e/Learning/Git-Learning/Projects (master)
$ ls
01-QuickStart.pdf     GitCommands.txt   initializr-verekia-4.0.zip
02-EditorInstall.pdf  github-cookbook/
cookbook/             initializr/

Harish@DESKTOP-B5T59AS MINGW64 /e/Learning/Git-Learning/Projects (master)
$ mv initializr web-projecct

Harish@DESKTOP-B5T59AS MINGW64 /e/Learning/Git-Learning/Projects (master)
$ ls
01-QuickStart.pdf     GitCommands.txt             web-projecct/
02-EditorInstall.pdf  github-cookbook/
cookbook/             initializr-verekia-4.0.zip

Harish@DESKTOP-B5T59AS MINGW64 /e/Learning/Git-Learning/Projects (master)
$ mv web-projecct web-project

Harish@DESKTOP-B5T59AS MINGW64 /e/Learning/Git-Learning/Projects (master)
$ cd web-project/

Harish@DESKTOP-B5T59AS MINGW64 /e/Learning/Git-Learning/Projects/web-project (master)
$ ls
404.html              crossdomain.xml  fonts/      index.html  tile.png
apple-touch-icon.png  css/             humans.txt  js/         tile-wide.png
browserconfig.xml     favicon.ico      img/        robots.txt

Harish@DESKTOP-B5T59AS MINGW64 /e/Learning/Git-Learning/Projects/web-project (master)
$ git init
Initialized empty Git repository in E:/Learning/Git-Learning/Projects/web-project/.git/

Harish@DESKTOP-B5T59AS MINGW64 /e/Learning/Git-Learning/Projects/web-project (master)
$ ls -al
total 88
drwxr-xr-x 1 Harish 197121     0 Aug  8 23:13 ./
drwxr-xr-x 1 Harish 197121     0 Aug  8 23:12 ../
drwxr-xr-x 1 Harish 197121     0 Aug  8 23:13 .git/
-rw-r--r-- 1 Harish 197121 39014 Aug  8 17:40 .htaccess
-rw-r--r-- 1 Harish 197121  1272 Aug  8 17:40 404.html
-rw-r--r-- 1 Harish 197121  3959 Aug  8 17:40 apple-touch-icon.png
-rw-r--r-- 1 Harish 197121   416 Aug  8 17:40 browserconfig.xml
-rw-r--r-- 1 Harish 197121   603 Aug  8 17:40 crossdomain.xml
drwxr-xr-x 1 Harish 197121     0 Aug  8 23:11 css/
-rw-r--r-- 1 Harish 197121   766 Aug  8 17:40 favicon.ico
drwxr-xr-x 1 Harish 197121     0 Aug  8 23:11 fonts/
-rw-r--r-- 1 Harish 197121   191 Aug  8 17:40 humans.txt
drwxr-xr-x 1 Harish 197121     0 Aug  8 17:40 img/
-rw-r--r-- 1 Harish 197121  5329 Aug  8 17:40 index.html
drwxr-xr-x 1 Harish 197121     0 Aug  8 23:11 js/
-rw-r--r-- 1 Harish 197121    78 Aug  8 17:40 robots.txt
-rw-r--r-- 1 Harish 197121  3482 Aug  8 17:40 tile.png
-rw-r--r-- 1 Harish 197121  1854 Aug  8 17:40 tile-wide.png

Harish@DESKTOP-B5T59AS MINGW64 /e/Learning/Git-Learning/Projects/web-project (master)
$ git status
On branch master

No commits yet

Untracked files:
  (use "git add <file>..." to include in what will be committed)

        .htaccess
        404.html
        apple-touch-icon.png
        browserconfig.xml
        crossdomain.xml
        css/
        favicon.ico
        fonts/
        humans.txt
        index.html
        js/
        robots.txt
        tile-wide.png
        tile.png

nothing added to commit but untracked files present (use "git add" to track)

Harish@DESKTOP-B5T59AS MINGW64 /e/Learning/Git-Learning/Projects/web-project (master)
$ git add .

Harish@DESKTOP-B5T59AS MINGW64 /e/Learning/Git-Learning/Projects/web-project (master)
$ git status
On branch master

No commits yet

Changes to be committed:
  (use "git rm --cached <file>..." to unstage)

        new file:   .htaccess
        new file:   404.html
        new file:   apple-touch-icon.png
        new file:   browserconfig.xml
        new file:   crossdomain.xml
        new file:   css/bootstrap-theme.css
        new file:   css/bootstrap-theme.css.map
        new file:   css/bootstrap-theme.min.css
        new file:   css/bootstrap.css
        new file:   css/bootstrap.css.map
        new file:   css/bootstrap.min.css
        new file:   css/main.css
        new file:   favicon.ico
        new file:   fonts/glyphicons-halflings-regular.eot
        new file:   fonts/glyphicons-halflings-regular.svg
        new file:   fonts/glyphicons-halflings-regular.ttf
        new file:   fonts/glyphicons-halflings-regular.woff
        new file:   humans.txt
        new file:   index.html
        new file:   js/main.js
        new file:   js/plugins.js
        new file:   js/vendor/bootstrap.js
        new file:   js/vendor/bootstrap.min.js
        new file:   js/vendor/jquery-1.11.2.min.js
        new file:   js/vendor/modernizr-2.8.3-respond-1.4.2.min.js
        new file:   js/vendor/npm.js
        new file:   robots.txt
        new file:   tile-wide.png
        new file:   tile.png


Harish@DESKTOP-B5T59AS MINGW64 /e/Learning/Git-Learning/Projects/web-project (master)
$ git commit
[master (root-commit) 81f4518] My first commit form notepad For first initilizr project
 29 files changed, 10594 insertions(+)
 create mode 100644 .htaccess
 create mode 100644 404.html
 create mode 100644 apple-touch-icon.png
 create mode 100644 browserconfig.xml
 create mode 100644 crossdomain.xml
 create mode 100644 css/bootstrap-theme.css
 create mode 100644 css/bootstrap-theme.css.map
 create mode 100644 css/bootstrap-theme.min.css
 create mode 100644 css/bootstrap.css
 create mode 100644 css/bootstrap.css.map
 create mode 100644 css/bootstrap.min.css
 create mode 100644 css/main.css
 create mode 100644 favicon.ico
 create mode 100644 fonts/glyphicons-halflings-regular.eot
 create mode 100644 fonts/glyphicons-halflings-regular.svg
 create mode 100644 fonts/glyphicons-halflings-regular.ttf
 create mode 100644 fonts/glyphicons-halflings-regular.woff
 create mode 100644 humans.txt
 create mode 100644 index.html
 create mode 100644 js/main.js
 create mode 100644 js/plugins.js
 create mode 100644 js/vendor/bootstrap.js
 create mode 100644 js/vendor/bootstrap.min.js
 create mode 100644 js/vendor/jquery-1.11.2.min.js
 create mode 100644 js/vendor/modernizr-2.8.3-respond-1.4.2.min.js
 create mode 100644 js/vendor/npm.js
 create mode 100644 robots.txt
 create mode 100644 tile-wide.png
 create mode 100644 tile.png

Harish@DESKTOP-B5T59AS MINGW64 /e/Learning/Git-Learning/Projects/web-project (master)
$ git status
On branch master
nothing to commit, working tree clean

Harish@DESKTOP-B5T59AS MINGW64 /e/Learning/Git-Learning/Projects/web-project (master)
$ git status
On branch master
nothing to commit, working tree clean

Harish@DESKTOP-B5T59AS MINGW64 /e/Learning/Git-Learning/Projects/web-project (master)
$ cd ..

Harish@DESKTOP-B5T59AS MINGW64 /e/Learning/Git-Learning/Projects (master)
$ ls
01-QuickStart.pdf     cookbook/        github-cookbook/            web-project/
02-EditorInstall.pdf  GitCommands.txt  initializr-verekia-4.0.zip

Harish@DESKTOP-B5T59AS MINGW64 /e/Learning/Git-Learning/Projects (master)
$ rm -rf initializr-verekia-4.0.zip

Harish@DESKTOP-B5T59AS MINGW64 /e/Learning/Git-Learning/Projects (master)
$ rm -rf web-project/

Harish@DESKTOP-B5T59AS MINGW64 /e/Learning/Git-Learning/Projects (master)
$ ls
01-QuickStart.pdf     cookbook/        github-cookbook/
02-EditorInstall.pdf  GitCommands.txt

Harish@DESKTOP-B5T59AS MINGW64 /e/Learning/Git-Learning/Projects (master)
$ pwd
/e/Learning/Git-Learning/Projects

Harish@DESKTOP-B5T59AS MINGW64 /e/Learning/Git-Learning/Projects (master)
$ ls
01-QuickStart.pdf     cookbook/        github-cookbook/
02-EditorInstall.pdf  GitCommands.txt

Harish@DESKTOP-B5T59AS MINGW64 /e/Learning/Git-Learning/Projects (master)
$ git clone
fatal: You must specify a repository to clone.

usage: git clone [<options>] [--] <repo> [<dir>]

    -v, --verbose         be more verbose
    -q, --quiet           be more quiet
    --progress            force progress reporting
    -n, --no-checkout     don't create a checkout
    --bare                create a bare repository
    --mirror              create a mirror repository (implies bare)
    -l, --local           to clone from a local repository
    --no-hardlinks        don't use local hardlinks, always copy
    -s, --shared          setup as shared repository
    --recurse-submodules[=<pathspec>]
                          initialize submodules in the clone
    -j, --jobs <n>        number of submodules cloned in parallel
    --template <template-directory>
                          directory from which templates will be used
    --reference <repo>    reference repository
    --reference-if-able <repo>
                          reference repository
    --dissociate          use --reference only while cloning
    -o, --origin <name>   use <name> instead of 'origin' to track upstream
    -b, --branch <branch>
                          checkout <branch> instead of the remote's HEAD
    -u, --upload-pack <path>
                          path to git-upload-pack on the remote
    --depth <depth>       create a shallow clone of that depth
    --shallow-since <time>
                          create a shallow clone since a specific time
    --shallow-exclude <revision>
                          deepen history of shallow clone, excluding rev
    --single-branch       clone only one branch, HEAD or --branch
    --no-tags             don't clone any tags, and make later fetches not to follow them
    --shallow-submodules  any cloned submodules will be shallow
    --separate-git-dir <gitdir>
                          separate git dir from working tree
    -c, --config <key=value>
                          set config inside the new repository
    -4, --ipv4            use IPv4 addresses only
    -6, --ipv6            use IPv6 addresses only
    --filter <args>       object filtering


Harish@DESKTOP-B5T59AS MINGW64 /e/Learning/Git-Learning/Projects (master)
$ ls
01-QuickStart.pdf     cookbook/        github-cookbook/
02-EditorInstall.pdf  GitCommands.txt

Harish@DESKTOP-B5T59AS MINGW64 /e/Learning/Git-Learning/Projects (master)
$ git clone https://github.com/harishkumarg10x/create-react-app.git
Cloning into 'create-react-app'...
remote: Counting objects: 12032, done.
remote: Compressing objects: 100% (2/2), done.
remote: Total 12032 (delta 0), reused 0 (delta 0), pack-reused 12030
Receiving objects: 100% (12032/12032), 5.61 MiB | 2.26 MiB/s, done.
Resolving deltas: 100% (7511/7511), done.

Harish@DESKTOP-B5T59AS MINGW64 /e/Learning/Git-Learning/Projects (master)
$ ls
01-QuickStart.pdf     cookbook/          GitCommands.txt
02-EditorInstall.pdf  create-react-app/  github-cookbook/

Harish@DESKTOP-B5T59AS MINGW64 /e/Learning/Git-Learning/Projects (master)
$ cd create-react-app/

Harish@DESKTOP-B5T59AS MINGW64 /e/Learning/Git-Learning/Projects/create-react-app (next)
$ ls
appveyor.cleanup-cache.txt  CONTRIBUTING.md  README.md
appveyor.yml                lerna.json       screencast.svg
CHANGELOG.md                LICENSE          screencast-error.svg
CHANGELOG-0.x.md            package.json     tasks/
CODE_OF_CONDUCT.md          packages/

Harish@DESKTOP-B5T59AS MINGW64 /e/Learning/Git-Learning/Projects/create-react-app (next)
$ ls -a
./             .yarnrc                     LICENSE
../            appveyor.cleanup-cache.txt  package.json
.eslintignore  appveyor.yml                packages/
.eslintrc      CHANGELOG.md                README.md
.git/          CHANGELOG-0.x.md            screencast.svg
.github/       CODE_OF_CONDUCT.md          screencast-error.svg
.gitignore     CONTRIBUTING.md             tasks/
.travis.yml    lerna.json

Harish@DESKTOP-B5T59AS MINGW64 /e/Learning/Git-Learning/Projects/create-react-app (next)
$ cd .git

Harish@DESKTOP-B5T59AS MINGW64 /e/Learning/Git-Learning/Projects/create-react-app/.git (GIT_DIR!)
$ ls
config       HEAD    index  logs/     packed-refs
description  hooks/  info/  objects/  refs/

Harish@DESKTOP-B5T59AS MINGW64 /e/Learning/Git-Learning/Projects/create-react-app/.git (GIT_DIR!)
$ cd ..

Harish@DESKTOP-B5T59AS MINGW64 /e/Learning/Git-Learning/Projects/create-react-app (next)
$ git status
On branch next
Your branch is up to date with 'origin/next'.

nothing to commit, working tree clean

Harish@DESKTOP-B5T59AS MINGW64 /e/Learning/Git-Learning/Projects/create-react-app (next)
$ rm -rf C
CHANGELOG.md        CODE_OF_CONDUCT.md
CHANGELOG-0.x.md    CONTRIBUTING.md

Harish@DESKTOP-B5T59AS MINGW64 /e/Learning/Git-Learning/Projects/create-react-app (next)
$ ^C


Harish@DESKTOP-B5T59AS MINGW64 /e/Learning/Git-Learning/Projects/create-react-app (next)
$ ls
appveyor.cleanup-cache.txt  CONTRIBUTING.md  README.md
appveyor.yml                lerna.json       screencast.svg
CHANGELOG.md                LICENSE          screencast-error.svg
CHANGELOG-0.x.md            package.json     tasks/
CODE_OF_CONDUCT.md          packages/

Harish@DESKTOP-B5T59AS MINGW64 /e/Learning/Git-Learning/Projects/create-react-app (next)
$ cd ..

Harish@DESKTOP-B5T59AS MINGW64 /e/Learning/Git-Learning/Projects (master)
$ ls
01-QuickStart.pdf     cookbook/          GitCommands.txt
02-EditorInstall.pdf  create-react-app/  github-cookbook/

Harish@DESKTOP-B5T59AS MINGW64 /e/Learning/Git-Learning/Projects (master)
$ rm -rf create-react-app/

Harish@DESKTOP-B5T59AS MINGW64 /e/Learning/Git-Learning/Projects (master)
$ ls
01-QuickStart.pdf     cookbook/        github-cookbook/
02-EditorInstall.pdf  GitCommands.txt

Harish@DESKTOP-B5T59AS MINGW64 /e/Learning/Git-Learning/Projects (master)
$ ls -a
./   01-QuickStart.pdf     cookbook/        github-cookbook/
../  02-EditorInstall.pdf  GitCommands.txt

Harish@DESKTOP-B5T59AS MINGW64 /e/Learning/Git-Learning/Projects (master)
$ git clone https://github.com/harishkumarg10x/starter-web.git
Cloning into 'starter-web'...
remote: Counting objects: 39, done.
remote: Total 39 (delta 0), reused 0 (delta 0), pack-reused 39
Unpacking objects: 100% (39/39), done.

Harish@DESKTOP-B5T59AS MINGW64 /e/Learning/Git-Learning/Projects (master)
$ ls
01-QuickStart.pdf     cookbook/        github-cookbook/
02-EditorInstall.pdf  GitCommands.txt  starter-web/

Harish@DESKTOP-B5T59AS MINGW64 /e/Learning/Git-Learning/Projects (master)
$ cd starter-web/

Harish@DESKTOP-B5T59AS MINGW64 /e/Learning/Git-Learning/Projects/starter-web (master)
$ ls
404.html                          css/         humans.txt  README.md
apple-touch-icon-precomposed.png  favicon.ico  index.html  robots.txt
crossdomain.xml                   fonts/       js/         simple.html

Harish@DESKTOP-B5T59AS MINGW64 /e/Learning/Git-Learning/Projects/starter-web (master)
$ git status
On branch master
Your branch is up to date with 'origin/master'.

nothing to commit, working tree clean

Harish@DESKTOP-B5T59AS MINGW64 /e/Learning/Git-Learning/Projects/starter-web (master)
$ npp hipster.txt

Harish@DESKTOP-B5T59AS MINGW64 /e/Learning/Git-Learning/Projects/starter-web (master)
$ git status
On branch master
Your branch is up to date with 'origin/master'.

Untracked files:
  (use "git add <file>..." to include in what will be committed)

        hipster.txt

nothing added to commit but untracked files present (use "git add" to track)

Harish@DESKTOP-B5T59AS MINGW64 /e/Learning/Git-Learning/Projects/starter-web (master)
$ git add hipster.txt

Harish@DESKTOP-B5T59AS MINGW64 /e/Learning/Git-Learning/Projects/starter-web (master)
$ git status
On branch master
Your branch is up to date with 'origin/master'.

Changes to be committed:
  (use "git reset HEAD <file>..." to unstage)

        new file:   hipster.txt


Harish@DESKTOP-B5T59AS MINGW64 /e/Learning/Git-Learning/Projects/starter-web (master)
$ git commit
[master c192b84] My First commit
 1 file changed, 1 insertion(+)
 create mode 100644 hipster.txt

Harish@DESKTOP-B5T59AS MINGW64 /e/Learning/Git-Learning/Projects/starter-web (master)
$ git status
On branch master
Your branch is ahead of 'origin/master' by 1 commit.
  (use "git push" to publish your local commits)

nothing to commit, working tree clean

Harish@DESKTOP-B5T59AS MINGW64 /e/Learning/Git-Learning/Projects/starter-web (master)
$ git pull origin master
From https://github.com/harishkumarg10x/starter-web
 * branch            master     -> FETCH_HEAD
Already up to date.

Harish@DESKTOP-B5T59AS MINGW64 /e/Learning/Git-Learning/Projects/starter-web (master)
$ git push origin master
Enumerating objects: 4, done.
Counting objects: 100% (4/4), done.
Delta compression using up to 4 threads.
Compressing objects: 100% (3/3), done.
Writing objects: 100% (3/3), 595 bytes | 595.00 KiB/s, done.
Total 3 (delta 1), reused 0 (delta 0)
remote: Resolving deltas: 100% (1/1), completed with 1 local object.
To https://github.com/harishkumarg10x/starter-web.git
   4beb7f0..c192b84  master -> master

Harish@DESKTOP-B5T59AS MINGW64 /e/Learning/Git-Learning/Projects/starter-web (master)
$ cd ..

Harish@DESKTOP-B5T59AS MINGW64 /e/Learning/Git-Learning/Projects (master)
$ ls
01-QuickStart.pdf     cookbook/        github-cookbook/
02-EditorInstall.pdf  GitCommands.txt  starter-web/

Harish@DESKTOP-B5T59AS MINGW64 /e/Learning/Git-Learning/Projects (master)
$ rm -rf starter-web/

Harish@DESKTOP-B5T59AS MINGW64 /e/Learning/Git-Learning/Projects (master)
$ ls
01-QuickStart.pdf     cookbook/        github-cookbook/
02-EditorInstall.pdf  GitCommands.txt

Harish@DESKTOP-B5T59AS MINGW64 /e/Learning/Git-Learning/Projects (master)
$ git clone https://github.com/harishkumarg10x/JavaInterviewPrograming.git
Cloning into 'JavaInterviewPrograming'...
remote: Counting objects: 137, done.
remote: Compressing objects: 100% (37/37), done.
remote: Total 137 (delta 1), reused 0 (delta 0), pack-reused 99
Receiving objects: 100% (137/137), 127.90 KiB | 306.00 KiB/s, done.
Resolving deltas: 100% (6/6), done.

Harish@DESKTOP-B5T59AS MINGW64 /e/Learning/Git-Learning/Projects (master)
$ git status
On branch master

No commits yet

Untracked files:
  (use "git add <file>..." to include in what will be committed)

        ./
        ../Tutorials/

nothing added to commit but untracked files present (use "git add" to track)

Harish@DESKTOP-B5T59AS MINGW64 /e/Learning/Git-Learning/Projects (master)
$ pwd
/e/Learning/Git-Learning/Projects

Harish@DESKTOP-B5T59AS MINGW64 /e/Learning/Git-Learning/Projects (master)
$ ls
01-QuickStart.pdf     cookbook/        github-cookbook/
02-EditorInstall.pdf  GitCommands.txt  JavaInterviewPrograming/

Harish@DESKTOP-B5T59AS MINGW64 /e/Learning/Git-Learning/Projects (master)
$ cd JavaInterviewPrograming/

Harish@DESKTOP-B5T59AS MINGW64 /e/Learning/Git-Learning/Projects/JavaInterviewPrograming (master)
$ ls
my-ng-app/  ProblemSolving/  README.md

Harish@DESKTOP-B5T59AS MINGW64 /e/Learning/Git-Learning/Projects/JavaInterviewPrograming (master)
$ git status
On branch master
Your branch is up to date with 'origin/master'.

nothing to commit, working tree clean

Harish@DESKTOP-B5T59AS MINGW64 /e/Learning/Git-Learning/Projects/JavaInterviewPrograming (master)
$ npp hipster.txt

Harish@DESKTOP-B5T59AS MINGW64 /e/Learning/Git-Learning/Projects/JavaInterviewPrograming (master)
$ git status
On branch master
Your branch is up to date with 'origin/master'.

Untracked files:
  (use "git add <file>..." to include in what will be committed)

        hipster.txt

nothing added to commit but untracked files present (use "git add" to track)

Harish@DESKTOP-B5T59AS MINGW64 /e/Learning/Git-Learning/Projects/JavaInterviewPrograming (master)
$ git add .

Harish@DESKTOP-B5T59AS MINGW64 /e/Learning/Git-Learning/Projects/JavaInterviewPrograming (master)
$ git status
On branch master
Your branch is up to date with 'origin/master'.

Changes to be committed:
  (use "git reset HEAD <file>..." to unstage)

        new file:   hipster.txt


Harish@DESKTOP-B5T59AS MINGW64 /e/Learning/Git-Learning/Projects/JavaInterviewPrograming (master)
$ git status
On branch master
Your branch is up to date with 'origin/master'.

Changes to be committed:
  (use "git reset HEAD <file>..." to unstage)

        new file:   hipster.txt


Harish@DESKTOP-B5T59AS MINGW64 /e/Learning/Git-Learning/Projects/JavaInterviewPrograming (master)
$ git commit -m "Add hister.txt"
[master dd48116] Add hister.txt
 1 file changed, 1 insertion(+)
 create mode 100644 hipster.txt

Harish@DESKTOP-B5T59AS MINGW64 /e/Learning/Git-Learning/Projects/JavaInterviewPrograming (master)
$ git status
On branch master
Your branch is ahead of 'origin/master' by 1 commit.
  (use "git push" to publish your local commits)

nothing to commit, working tree clean

Harish@DESKTOP-B5T59AS MINGW64 /e/Learning/Git-Learning/Projects/JavaInterviewPrograming (master)
$ git push origin master
To https://github.com/harishkumarg10x/JavaInterviewPrograming.git
 ! [rejected]        master -> master (fetch first)
error: failed to push some refs to 'https://github.com/harishkumarg10x/JavaInterviewPrograming.git'
hint: Updates were rejected because the remote contains work that you do
hint: not have locally. This is usually caused by another repository pushing
hint: to the same ref. You may want to first integrate the remote changes
hint: (e.g., 'git pull ...') before pushing again.
hint: See the 'Note about fast-forwards' in 'git push --help' for details.

Harish@DESKTOP-B5T59AS MINGW64 /e/Learning/Git-Learning/Projects/JavaInterviewPrograming (master)
$ git pull origin master
remote: Counting objects: 3, done.
remote: Compressing objects: 100% (3/3), done.
remote: Total 3 (delta 1), reused 0 (delta 0), pack-reused 0
Unpacking objects: 100% (3/3), done.
From https://github.com/harishkumarg10x/JavaInterviewPrograming
 * branch            master     -> FETCH_HEAD
   cfa0bd1..24aa009  master     -> origin/master
Merge made by the 'recursive' strategy.
 someipsum.txt | 1 +
 1 file changed, 1 insertion(+)
 create mode 100644 someipsum.txt

Harish@DESKTOP-B5T59AS MINGW64 /e/Learning/Git-Learning/Projects/JavaInterviewPrograming (master)
$ git status
On branch master
Your branch is ahead of 'origin/master' by 2 commits.
  (use "git push" to publish your local commits)

nothing to commit, working tree clean

Harish@DESKTOP-B5T59AS MINGW64 /e/Learning/Git-Learning/Projects/JavaInterviewPrograming (master)
$ git push origin master
Enumerating objects: 7, done.
Counting objects: 100% (7/7), done.
Delta compression using up to 4 threads.
Compressing objects: 100% (5/5), done.
Writing objects: 100% (5/5), 855 bytes | 427.00 KiB/s, done.
Total 5 (delta 2), reused 0 (delta 0)
remote: Resolving deltas: 100% (2/2), completed with 1 local object.
To https://github.com/harishkumarg10x/JavaInterviewPrograming.git
   24aa009..f6d16a1  master -> master

Harish@DESKTOP-B5T59AS MINGW64 /e/Learning/Git-Learning/Projects/JavaInterviewPrograming (master)
$ git remote -v
origin  https://github.com/harishkumarg10x/JavaInterviewPrograming.git (fetch)
origin  https://github.com/harishkumarg10x/JavaInterviewPrograming.git (push)

Harish@DESKTOP-B5T59AS MINGW64 /e/Learning/Git-Learning/Projects/JavaInterviewPrograming (master)
$ git remote add upstream https://github.com/gurramharish/JavaInterviewPrograming.git

Harish@DESKTOP-B5T59AS MINGW64 /e/Learning/Git-Learning/Projects/JavaInterviewPrograming (master)
$ git remote -v
origin  https://github.com/harishkumarg10x/JavaInterviewPrograming.git (fetch)
origin  https://github.com/harishkumarg10x/JavaInterviewPrograming.git (push)
upstream        https://github.com/gurramharish/JavaInterviewPrograming.git (fetch)
upstream        https://github.com/gurramharish/JavaInterviewPrograming.git (push)

Harish@DESKTOP-B5T59AS MINGW64 /e/Learning/Git-Learning/Projects/JavaInterviewPrograming (master)
$ git fetch upstream
remote: Counting objects: 3, done.
remote: Compressing objects: 100% (3/3), done.
remote: Total 3 (delta 1), reused 0 (delta 0), pack-reused 0
Unpacking objects: 100% (3/3), done.
From https://github.com/gurramharish/JavaInterviewPrograming
 * [new branch]      master     -> upstream/master

Harish@DESKTOP-B5T59AS MINGW64 /e/Learning/Git-Learning/Projects/JavaInterviewPrograming (master)
$ git checkout master
Already on 'master'
Your branch is up to date with 'origin/master'.

Harish@DESKTOP-B5T59AS MINGW64 /e/Learning/Git-Learning/Projects/JavaInterviewPrograming (master)
$ git merge upstrea/master
merge: upstrea/master - not something we can merge

Harish@DESKTOP-B5T59AS MINGW64 /e/Learning/Git-Learning/Projects/JavaInterviewPrograming (master)
$ git merge upstream/master
Merge made by the 'recursive' strategy.
 newipsumfile.txt | 1 +
 1 file changed, 1 insertion(+)
 create mode 100644 newipsumfile.txt

Harish@DESKTOP-B5T59AS MINGW64 /e/Learning/Git-Learning/Projects/JavaInterviewPrograming (master)
$ git status
On branch master
Your branch is ahead of 'origin/master' by 2 commits.
  (use "git push" to publish your local commits)

nothing to commit, working tree clean

Harish@DESKTOP-B5T59AS MINGW64 /e/Learning/Git-Learning/Projects/JavaInterviewPrograming (master)
$ git push origin master
Enumerating objects: 6, done.
Counting objects: 100% (6/6), done.
Delta compression using up to 4 threads.
Compressing objects: 100% (4/4), done.
Writing objects: 100% (4/4), 908 bytes | 454.00 KiB/s, done.
Total 4 (delta 2), reused 0 (delta 0)
remote: Resolving deltas: 100% (2/2), completed with 1 local object.
To https://github.com/harishkumarg10x/JavaInterviewPrograming.git
   f6d16a1..731afc0  master -> master

Harish@DESKTOP-B5T59AS MINGW64 /e/Learning/Git-Learning/Projects/JavaInterviewPrograming (master)
